Enter password: ****
Welcome to the MySQL monitor.  Commands end with ; or \g.
Your MySQL connection id is 8
Server version: 8.0.37 MySQL Community Server - GPL

Copyright (c) 2000, 2024, Oracle and/or its affiliates.

Oracle is a registered trademark of Oracle Corporation and/or its
affiliates. Other names may be trademarks of their respective
owners.

Type 'help;' or '\h' for help. Type '\c' to clear the current input statement.

mysql> CREATE TABLE users (
    ->     id INT AUTO_INCREMENT PRIMARY KEY,
    ->     username VARCHAR(50) NOT NULL,
    ->     password VARCHAR(255) NOT NULL,
    ->     created_at TIMESTAMP DEFAULT CURRENT_TIMESTAMP
    -> );
ERROR 1046 (3D000): No database selected
mysql> SHOW DATABASES;
+--------------------+
| Database           |
+--------------------+
| information_schema |
| jdbcdatabase       |
| mysql              |
| performance_schema |
| sys                |
+--------------------+
5 rows in set (0.10 sec)

mysql> use sys
Database changed
mysql> create table ward(
    -> wardid INT PRIMARY KEY,
    -> WardName VARCHAR(50),
    -> CAPACITY INT
    -> );
Query OK, 0 rows affected (0.05 sec)

mysql> SHOW TABLES;
+-----------------------------------------------+
| Tables_in_sys                                 |
+-----------------------------------------------+
| host_summary                                  |
| host_summary_by_file_io                       |
| host_summary_by_file_io_type                  |
| host_summary_by_stages                        |
| host_summary_by_statement_latency             |
| host_summary_by_statement_type                |
| innodb_buffer_stats_by_schema                 |
| innodb_buffer_stats_by_table                  |
| innodb_lock_waits                             |
| io_by_thread_by_latency                       |
| io_global_by_file_by_bytes                    |
| io_global_by_file_by_latency                  |
| io_global_by_wait_by_bytes                    |
| io_global_by_wait_by_latency                  |
| latest_file_io                                |
| memory_by_host_by_current_bytes               |
| memory_by_thread_by_current_bytes             |
| memory_by_user_by_current_bytes               |
| memory_global_by_current_bytes                |
| memory_global_total                           |
| metrics                                       |
| processlist                                   |
| ps_check_lost_instrumentation                 |
| schema_auto_increment_columns                 |
| schema_index_statistics                       |
| schema_object_overview                        |
| schema_redundant_indexes                      |
| schema_table_lock_waits                       |
| schema_table_statistics                       |
| schema_table_statistics_with_buffer           |
| schema_tables_with_full_table_scans           |
| schema_unused_indexes                         |
| session                                       |
| session_ssl_status                            |
| statement_analysis                            |
| statements_with_errors_or_warnings            |
| statements_with_full_table_scans              |
| statements_with_runtimes_in_95th_percentile   |
| statements_with_sorting                       |
| statements_with_temp_tables                   |
| sys_config                                    |
| user_summary                                  |
| user_summary_by_file_io                       |
| user_summary_by_file_io_type                  |
| user_summary_by_stages                        |
| user_summary_by_statement_latency             |
| user_summary_by_statement_type                |
| version                                       |
| wait_classes_global_by_avg_latency            |
| wait_classes_global_by_latency                |
| waits_by_host_by_latency                      |
| waits_by_user_by_latency                      |
| waits_global_by_latency                       |
| ward                                          |
| x$host_summary                                |
| x$host_summary_by_file_io                     |
| x$host_summary_by_file_io_type                |
| x$host_summary_by_stages                      |
| x$host_summary_by_statement_latency           |
| x$host_summary_by_statement_type              |
| x$innodb_buffer_stats_by_schema               |
| x$innodb_buffer_stats_by_table                |
| x$innodb_lock_waits                           |
| x$io_by_thread_by_latency                     |
| x$io_global_by_file_by_bytes                  |
| x$io_global_by_file_by_latency                |
| x$io_global_by_wait_by_bytes                  |
| x$io_global_by_wait_by_latency                |
| x$latest_file_io                              |
| x$memory_by_host_by_current_bytes             |
| x$memory_by_thread_by_current_bytes           |
| x$memory_by_user_by_current_bytes             |
| x$memory_global_by_current_bytes              |
| x$memory_global_total                         |
| x$processlist                                 |
| x$ps_digest_95th_percentile_by_avg_us         |
| x$ps_digest_avg_latency_distribution          |
| x$ps_schema_table_statistics_io               |
| x$schema_flattened_keys                       |
| x$schema_index_statistics                     |
| x$schema_table_lock_waits                     |
| x$schema_table_statistics                     |
| x$schema_table_statistics_with_buffer         |
| x$schema_tables_with_full_table_scans         |
| x$session                                     |
| x$statement_analysis                          |
| x$statements_with_errors_or_warnings          |
| x$statements_with_full_table_scans            |
| x$statements_with_runtimes_in_95th_percentile |
| x$statements_with_sorting                     |
| x$statements_with_temp_tables                 |
| x$user_summary                                |
| x$user_summary_by_file_io                     |
| x$user_summary_by_file_io_type                |
| x$user_summary_by_stages                      |
| x$user_summary_by_statement_latency           |
| x$user_summary_by_statement_type              |
| x$wait_classes_global_by_avg_latency          |
| x$wait_classes_global_by_latency              |
| x$waits_by_host_by_latency                    |
| x$waits_by_user_by_latency                    |
| x$waits_global_by_latency                     |
+-----------------------------------------------+
102 rows in set (0.02 sec)

mysql> USE WARD;
ERROR 1049 (42000): Unknown database 'ward'
mysql> USE ward;
ERROR 1049 (42000): Unknown database 'ward'
mysql> create table patient(
    -> patientid int primary key,
    -> patientname varchar(50),
    -> dateofbirth DATE,
    -> Gender varchar(50),
    -> wardid int,
    -> );
ERROR 1064 (42000): You have an error in your SQL syntax; check the manual that corresponds to your MySQL server version for the right syntax to use near ')' at line 7
mysql> CREATE TABLE  patient(
    ->     -> patientid int primary key,
    ->     -> patientname varchar(50),
    ->     -> dateofbirth DATE,
    ->     -> Gender varchar(50),
    ->     -> wardid int,
    -> );
ERROR 1064 (42000): You have an error in your SQL syntax; check the manual that corresponds to your MySQL server version for the right syntax to use near '-> patientid int primary key,
    -> patientname varchar(50),
    -> dateofbirth' at line 2
mysql> CREATE TABLE patient(
    -> patientid  INT PRIMARY KEY,
    -> Patientname VARCHAR(10),
    -> DATEOFBIRTH DATE,'
    '> );
    '> );
    '>
    '>
    '> /
    '> =
    '>
    '> );
    '> \c
    '> \c;
    '> \c
    '> exit
    '> ^C
mysql> CREATE TABLE patient (
    ->     patientid INT PRIMARY KEY,
    ->     patientname VARCHAR(50),
    ->     dateofbirth DATE,
    ->     gender VARCHAR(50),
    ->     wardid INT
    -> );
Query OK, 0 rows affected (0.04 sec)

mysql> CREATE TABLE docter(
    -> docterid INT PRIMARY KEY,
    -> doctername VARCHAR(50),
    -> Specialization VARCHAR(20),
    -> );
ERROR 1064 (42000): You have an error in your SQL syntax; check the manual that corresponds to your MySQL server version for the right syntax to use near ')' at line 5
mysql> CREATE TABLE docter(
    -> docterid INT PRIMARY KEY,
    -> doctername VARCHAR(50),
    -> Specialization VARCHAR(50)
    -> );
Query OK, 0 rows affected (0.03 sec)

mysql> CREATE TABLE BILL(
    -> billid INT  PRIMARY KEY,
    -> Patientid INT,
    -> Amount DECIMAL(10,20),
    -> BILL_DATE DATE,
    -> FOREIGN KEY(Patientid) REFERENCES patient(patientid)
    -> );
ERROR 1427 (42000): For float(M,D), double(M,D) or decimal(M,D), M must be >= D (column 'Amount').
mysql> CREATE TABLE BILL(
    -> billid INT PRIMARY KEY,
    -> patientid INT,
    -> amount DECIMAL(10,2),
    -> BILL_DATE DATE,
    -> FOREIGN KEY (patientid) REFERENCES patient(patientid)
    -> );
Query OK, 0 rows affected (0.06 sec)

mysql> describe ward;
+----------+-------------+------+-----+---------+-------+
| Field    | Type        | Null | Key | Default | Extra |
+----------+-------------+------+-----+---------+-------+
| wardid   | int         | NO   | PRI | NULL    |       |
| WardName | varchar(50) | YES  |     | NULL    |       |
| CAPACITY | int         | YES  |     | NULL    |       |
+----------+-------------+------+-----+---------+-------+
3 rows in set (0.02 sec)

mysql> insert into ward values(1,'general',30);
Query OK, 1 row affected (0.03 sec)

mysql> insert into ward values(2,'maternity',20);
Query OK, 1 row affected (0.01 sec)

mysql> insert into ward values(3,'general',25);
Query OK, 1 row affected (0.01 sec)

mysql> insert into ward values(4,'maternity',28);
Query OK, 1 row affected (0.44 sec)

mysql> describe patient;
+-------------+-------------+------+-----+---------+-------+
| Field       | Type        | Null | Key | Default | Extra |
+-------------+-------------+------+-----+---------+-------+
| patientid   | int         | NO   | PRI | NULL    |       |
| patientname | varchar(50) | YES  |     | NULL    |       |
| dateofbirth | date        | YES  |     | NULL    |       |
| gender      | varchar(50) | YES  |     | NULL    |       |
| wardid      | int         | YES  |     | NULL    |       |
+-------------+-------------+------+-----+---------+-------+
5 rows in set (0.01 sec)

mysql> insert into patient values(1,'swati','1990-11-20','female',1);
Query OK, 1 row affected (0.01 sec)

mysql> insert into patient values(2,'swe','2025-12-30','female',2);
Query OK, 1 row affected (0.01 sec)

mysql> insert into patient values(3,'stree',2026-12-30','male',3);
    '>
    '> .c/
    '> c/
    '> exit
    '>
    '> exit.......
    '> ///
    '>
    '>
    '> e td
    '> 5
    '> .help
    '> /help
    '> \c
    '> insert into patient values(3, 'stree', '2026-12-30', 'male', 3);
    '> quit
    '> >
    '> /
    '>
    '>
    '>
    '>
    '> exit
    '> quit
    '> exit
    '> ^C
mysql> select * from patient;
+-----------+-------------+-------------+--------+--------+
| patientid | patientname | dateofbirth | gender | wardid |
+-----------+-------------+-------------+--------+--------+
|         1 | swati       | 1990-11-20  | female |      1 |
|         2 | swe         | 2025-12-30  | female |      2 |
+-----------+-------------+-------------+--------+--------+
2 rows in set (0.01 sec)

mysql> update patient
    -> set patientname='pranjali'
    -> where wardid=1;
Query OK, 1 row affected (0.01 sec)
Rows matched: 1  Changed: 1  Warnings: 0

mysql> select * fromm patient;
ERROR 1064 (42000): You have an error in your SQL syntax; check the manual that corresponds to your MySQL server version for the right syntax to use near 'fromm patient' at line 1
mysql> select * from patient;
+-----------+-------------+-------------+--------+--------+
| patientid | patientname | dateofbirth | gender | wardid |
+-----------+-------------+-------------+--------+--------+
|         1 | pranjali    | 1990-11-20  | female |      1 |
|         2 | swe         | 2025-12-30  | female |      2 |
+-----------+-------------+-------------+--------+--------+
2 rows in set (0.00 sec)

mysql> update patient
    -> set patientname='suman'
    -> where gender='female';
Query OK, 2 rows affected (0.01 sec)
Rows matched: 2  Changed: 2  Warnings: 0

mysql> select * from patient;
+-----------+-------------+-------------+--------+--------+
| patientid | patientname | dateofbirth | gender | wardid |
+-----------+-------------+-------------+--------+--------+
|         1 | suman       | 1990-11-20  | female |      1 |
|         2 | suman       | 2025-12-30  | female |      2 |
+-----------+-------------+-------------+--------+--------+
2 rows in set (0.00 sec)

mysql> delete form patient
    -> ;
ERROR 1064 (42000): You have an error in your SQL syntax; check the manual that corresponds to your MySQL server version for the right syntax to use near 'patient' at line 1
mysql> delete from patient
    -> where wardid=1;
Query OK, 1 row affected (0.01 sec)

mysql> select * from patient;
+-----------+-------------+-------------+--------+--------+
| patientid | patientname | dateofbirth | gender | wardid |
+-----------+-------------+-------------+--------+--------+
|         2 | suman       | 2025-12-30  | female |      2 |
+-----------+-------------+-------------+--------+--------+
1 row in set (0.00 sec)

mysql> delete from patient
    -> where wardid=2;
Query OK, 1 row affected (0.01 sec)

mysql> select6 * from patient;
ERROR 1064 (42000): You have an error in your SQL syntax; check the manual that corresponds to your MySQL server version for the right syntax to use near 'select6 * from patient' at line 1
mysql> select * from patient;
Empty set (0.00 sec)

mysql> select * from ward;
+--------+-----------+----------+
| wardid | WardName  | CAPACITY |
+--------+-----------+----------+
|      1 | general   |       30 |
|      2 | maternity |       20 |
|      3 | general   |       25 |
|      4 | maternity |       28 |
+--------+-----------+----------+
4 rows in set (0.00 sec)

mysql> CREATE TABLE Employee(
    -> Employeeid INT PRIMARY KEY,
    -> Name Varchar(100),
    -> Department Varchar(50),
    -> Age INT CHECK(Age>18),
    -> Salary DECIMAL(10,2),
    -> City VARCHAR(50)
    -> );
Query OK, 0 rows affected (0.06 sec)

mysql> INSERT INTO Employee (Employeeid, Name, Department, Age, Salary, City) VALUES
    -> (1, 'John Doe', 'IT', 25, 50000.00, 'New York'),
    -> (2, 'Jane Smith', 'HR', 30, 45000.00, 'Los Angeles'),
    -> (3, 'Alice Johnson', 'Finance', 29, 55000.00, 'Chicago'),
    -> (4, 'Bob Brown', 'Marketing', 35, 48000.00, 'Houston'),
    -> (5, 'Eve Davis', 'IT', 27, 52000.00, 'Phoenix'),
    -> (6, 'Charlie Wilson', 'Finance', 40, 60000.00, 'Philadelphia'),
    -> (7, 'David Clark', 'HR', 32, 47000.00, 'San Antonio'),
    -> (8, 'Mia Lewis', 'IT', 28, 53000.00, 'San Diego'),
    -> (9, 'Noah Harris', 'Marketing', 26, 49000.00, 'Dallas'),
    -> (10, 'Sophia Walker', 'Finance', 31, 56000.00, 'San Jose'),
    -> (11, 'James Young', 'HR', 36, 46000.00, 'Austin'),
    -> (12, 'Olivia Hall', 'IT', 24, 51000.00, 'Jacksonville'),
    -> (13, 'Liam Wright', 'Marketing', 29, 49500.00, 'Fort Worth');
Query OK, 13 rows affected (0.01 sec)
Records: 13  Duplicates: 0  Warnings: 0

mysql> select * from employee;
+------------+----------------+------------+------+----------+--------------+
| Employeeid | Name           | Department | Age  | Salary   | City         |
+------------+----------------+------------+------+----------+--------------+
|          1 | John Doe       | IT         |   25 | 50000.00 | New York     |
|          2 | Jane Smith     | HR         |   30 | 45000.00 | Los Angeles  |
|          3 | Alice Johnson  | Finance    |   29 | 55000.00 | Chicago      |
|          4 | Bob Brown      | Marketing  |   35 | 48000.00 | Houston      |
|          5 | Eve Davis      | IT         |   27 | 52000.00 | Phoenix      |
|          6 | Charlie Wilson | Finance    |   40 | 60000.00 | Philadelphia |
|          7 | David Clark    | HR         |   32 | 47000.00 | San Antonio  |
|          8 | Mia Lewis      | IT         |   28 | 53000.00 | San Diego    |
|          9 | Noah Harris    | Marketing  |   26 | 49000.00 | Dallas       |
|         10 | Sophia Walker  | Finance    |   31 | 56000.00 | San Jose     |
|         11 | James Young    | HR         |   36 | 46000.00 | Austin       |
|         12 | Olivia Hall    | IT         |   24 | 51000.00 | Jacksonville |
|         13 | Liam Wright    | Marketing  |   29 | 49500.00 | Fort Worth   |
+------------+----------------+------------+------+----------+--------------+
13 rows in set (0.01 sec)

mysql> select count(*) from employee;
+----------+
| count(*) |
+----------+
|       13 |
+----------+
1 row in set (0.02 sec)

mysql> select count(*) as totalemployee from employee;
+---------------+
| totalemployee |
+---------------+
|            13 |
+---------------+
1 row in set (0.00 sec)

mysql> select count(*) as total_rows from employee;
+------------+
| total_rows |
+------------+
|         13 |
+------------+
1 row in set (0.00 sec)

mysql> select count(*) as total_rows from employees;
ERROR 1146 (42S02): Table 'sys.employees' doesn't exist
mysql> select count(*) from employee;
+----------+
| count(*) |
+----------+
|       13 |
+----------+
1 row in set (0.00 sec)

mysql> select * from employee;
+------------+----------------+------------+------+----------+--------------+
| Employeeid | Name           | Department | Age  | Salary   | City         |
+------------+----------------+------------+------+----------+--------------+
|          1 | John Doe       | IT         |   25 | 50000.00 | New York     |
|          2 | Jane Smith     | HR         |   30 | 45000.00 | Los Angeles  |
|          3 | Alice Johnson  | Finance    |   29 | 55000.00 | Chicago      |
|          4 | Bob Brown      | Marketing  |   35 | 48000.00 | Houston      |
|          5 | Eve Davis      | IT         |   27 | 52000.00 | Phoenix      |
|          6 | Charlie Wilson | Finance    |   40 | 60000.00 | Philadelphia |
|          7 | David Clark    | HR         |   32 | 47000.00 | San Antonio  |
|          8 | Mia Lewis      | IT         |   28 | 53000.00 | San Diego    |
|          9 | Noah Harris    | Marketing  |   26 | 49000.00 | Dallas       |
|         10 | Sophia Walker  | Finance    |   31 | 56000.00 | San Jose     |
|         11 | James Young    | HR         |   36 | 46000.00 | Austin       |
|         12 | Olivia Hall    | IT         |   24 | 51000.00 | Jacksonville |
|         13 | Liam Wright    | Marketing  |   29 | 49500.00 | Fort Worth   |
+------------+----------------+------------+------+----------+--------------+
13 rows in set (0.00 sec)

mysql> select * from employee where Age=25;
+------------+----------+------------+------+----------+----------+
| Employeeid | Name     | Department | Age  | Salary   | City     |
+------------+----------+------------+------+----------+----------+
|          1 | John Doe | IT         |   25 | 50000.00 | New York |
+------------+----------+------------+------+----------+----------+
1 row in set (0.00 sec)

mysql> select * from employee where age=40;
+------------+----------------+------------+------+----------+--------------+
| Employeeid | Name           | Department | Age  | Salary   | City         |
+------------+----------------+------------+------+----------+--------------+
|          6 | Charlie Wilson | Finance    |   40 | 60000.00 | Philadelphia |
+------------+----------------+------------+------+----------+--------------+
1 row in set (0.00 sec)

mysql> select * from employee as fullName where Name='Mia Lewis' AND  Age=28;
+------------+-----------+------------+------+----------+-----------+
| Employeeid | Name      | Department | Age  | Salary   | City      |
+------------+-----------+------------+------+----------+-----------+
|          8 | Mia Lewis | IT         |   28 | 53000.00 | San Diego |
+------------+-----------+------------+------+----------+-----------+
1 row in set (0.00 sec)

mysql> select Employeeid,Name,Department where salary=28;
ERROR 1054 (42S22): Unknown column 'Employeeid' in 'field list'
mysql> select Employeeid,Name,Department where Salary=53000;
ERROR 1054 (42S22): Unknown column 'Employeeid' in 'field list'
mysql> select Employeeid,Name,Department from employee where salary=28;
Empty set (0.01 sec)

mysql> select Employeeid,Name ,Department from employee where Salary=53000;
+------------+-----------+------------+
| Employeeid | Name      | Department |
+------------+-----------+------------+
|          8 | Mia Lewis | IT         |
+------------+-----------+------------+
1 row in set (0.00 sec)

mysql> select distinct from employee;
ERROR 1064 (42000): You have an error in your SQL syntax; check the manual that corresponds to your MySQL server version for the right syntax to use near 'from employee' at line 1
mysql> select distinct name from employee;
+----------------+
| name           |
+----------------+
| John Doe       |
| Jane Smith     |
| Alice Johnson  |
| Bob Brown      |
| Eve Davis      |
| Charlie Wilson |
| David Clark    |
| Mia Lewis      |
| Noah Harris    |
| Sophia Walker  |
| James Young    |
| Olivia Hall    |
| Liam Wright    |
+----------------+
13 rows in set (0.01 sec)

mysql> select * from employee;
+------------+----------------+------------+------+----------+--------------+
| Employeeid | Name           | Department | Age  | Salary   | City         |
+------------+----------------+------------+------+----------+--------------+
|          1 | John Doe       | IT         |   25 | 50000.00 | New York     |
|          2 | Jane Smith     | HR         |   30 | 45000.00 | Los Angeles  |
|          3 | Alice Johnson  | Finance    |   29 | 55000.00 | Chicago      |
|          4 | Bob Brown      | Marketing  |   35 | 48000.00 | Houston      |
|          5 | Eve Davis      | IT         |   27 | 52000.00 | Phoenix      |
|          6 | Charlie Wilson | Finance    |   40 | 60000.00 | Philadelphia |
|          7 | David Clark    | HR         |   32 | 47000.00 | San Antonio  |
|          8 | Mia Lewis      | IT         |   28 | 53000.00 | San Diego    |
|          9 | Noah Harris    | Marketing  |   26 | 49000.00 | Dallas       |
|         10 | Sophia Walker  | Finance    |   31 | 56000.00 | San Jose     |
|         11 | James Young    | HR         |   36 | 46000.00 | Austin       |
|         12 | Olivia Hall    | IT         |   24 | 51000.00 | Jacksonville |
|         13 | Liam Wright    | Marketing  |   29 | 49500.00 | Fort Worth   |
+------------+----------------+------------+------+----------+--------------+
13 rows in set (0.00 sec)

mysql> select max(Salary) from employee;
+-------------+
| max(Salary) |
+-------------+
|    60000.00 |
+-------------+
1 row in set (0.01 sec)

mysql> select min(salary) from employee;
+-------------+
| min(salary) |
+-------------+
|    45000.00 |
+-------------+
1 row in set (0.00 sec)

mysql> select * from employee
    -> where salary IN(
    -> select Salary
    -> from Employee
    -> Group BY Salary
    -> having count(*)>1
    -> );
Empty set (0.02 sec)

mysql> select * from employee where salary in(select salary from employee group by salary  having count(*)>1);
Empty set (0.00 sec)
